---
source: crates/airpulse_dsl-syntax/tests/error_recovery.rs
assertion_line: 120
expression: summary
---
[
    (
        "ADGL0450",
        "emit is not allowed in evidence rule body (expected: infer | action)",
    ),
    (
        "ADGL0450",
        "emit is not allowed in evidence rule body (expected: infer | action)",
    ),
]
